============================= test session starts =============================
platform win32 -- Python 3.11.9, pytest-7.1.3, pluggy-1.0.0 -- D:\Dev\django_sprint4\.venv\Scripts\python.exe
django: settings: blogicum.settings (from ini)
rootdir: D:\Dev\django_sprint4, configfile: pytest.ini, testpaths: tests/
plugins: Faker-12.0.1, django-4.5.2
collecting ... collected 25 items

tests/test_content.py::TestContent::test_unpublished PASSED              [  4%]
tests/test_content.py::TestContent::test_only_own_pubs_in_category PASSED [  8%]
tests/test_content.py::TestContent::test_only_own_pubs_in_profile PASSED [ 12%]
tests/test_content.py::TestContent::test_unpublished_category PASSED     [ 16%]
tests/test_content.py::TestContent::test_future_posts PASSED             [ 20%]
tests/test_content.py::TestContent::test_pagination PASSED               [ 24%]
tests/test_content.py::TestContent::test_image_visible PASSED            [ 28%]
tests/test_err_pages.py::test_custom_err_handlers FAILED                 [ 32%]
tests/test_users.py::test_custom_err_handlers FAILED                     [ 36%]
tests/test_users.py::test_profile PASSED                                 [ 40%]
tests/test_comment.py::test_comment_created_at PASSED                    [ 44%]
tests/test_comment.py::test_comment FAILED                               [ 48%]
tests/test_comment.py::test_404_on_comment_deleted_post PASSED           [ 52%]
tests/test_post.py::test_post_created_at PASSED                          [ 56%]
tests/test_post.py::test_post FAILED                                     [ 60%]
tests/test_comment.py::TestCommentModelAttrs::test_model_attrs[`post` field] <- tests\conftest.py PASSED [ 64%]
tests/test_comment.py::TestCommentModelAttrs::test_model_attrs[`author` field] <- tests\conftest.py PASSED [ 68%]
tests/test_comment.py::TestCommentModelAttrs::test_model_attrs[`text` field] <- tests\conftest.py PASSED [ 72%]
tests/test_comment.py::TestCommentModelAttrs::test_model_attrs[`created_at` field] <- tests\conftest.py PASSED [ 76%]
tests/test_emails.py::test_gitignore PASSED                              [ 80%]
tests/test_emails.py::test_email_backend_settings PASSED                 [ 84%]
tests/test_err_pages.py::test_csrf_failure_view PASSED                   [ 88%]
tests/test_post.py::TestPostModelAttrs::test_model_attrs[`image` field] <- tests\conftest.py PASSED [ 92%]
tests/test_post.py::TestPostModelAttrs::test_model_attrs[`pub_date` field] <- tests\conftest.py PASSED [ 96%]
tests/test_static_pages.py::test_static_pages_as_cbv PASSED              [100%]

================================== FAILURES ===================================
__________________________ test_custom_err_handlers ___________________________

client = <django.test.client.Client object at 0x000001DC1B33FBD0>
user_client = <django.test.client.Client object at 0x000001DC1B33DC10>

    @pytest.mark.django_db
    def test_custom_err_handlers(client, user_client):
        err_pages_vs_file_names = {
            404: "404.html",
            403: "403csrf.html",
            500: "500.html",
        }
        for status, fname in err_pages_vs_file_names.items():
            try:
>               fpath = settings.TEMPLATES_DIR / "pages" / fname

tests\test_err_pages.py:55: 
_ _ _ _ _ _ _ _ _ _ _ _ _ _ _ _ _ _ _ _ _ _ _ _ _ _ _ _ _ _ _ _ _ _ _ _ _ _ _ _

self = <LazySettings "None">, name = 'TEMPLATES_DIR'

    def __getattr__(self, name):
        """Return the value of a setting and cache it in self.__dict__."""
        if self._wrapped is empty:
            self._setup(name)
>       val = getattr(self._wrapped, name)

.venv\Lib\site-packages\django\conf\__init__.py:83: 
_ _ _ _ _ _ _ _ _ _ _ _ _ _ _ _ _ _ _ _ _ _ _ _ _ _ _ _ _ _ _ _ _ _ _ _ _ _ _ _

self = <UserSettingsHolder>, name = 'TEMPLATES_DIR'

    def __getattr__(self, name):
        if not name.isupper() or name in self._deleted:
            raise AttributeError
>       return getattr(self.default_settings, name)
E       AttributeError: 'Settings' object has no attribute 'TEMPLATES_DIR'

.venv\Lib\site-packages\django\conf\__init__.py:239: AttributeError

During handling of the above exception, another exception occurred:

client = <django.test.client.Client object at 0x000001DC1B33FBD0>
user_client = <django.test.client.Client object at 0x000001DC1B33DC10>

    @pytest.mark.django_db
    def test_custom_err_handlers(client, user_client):
        err_pages_vs_file_names = {
            404: "404.html",
            403: "403csrf.html",
            500: "500.html",
        }
        for status, fname in err_pages_vs_file_names.items():
            try:
                fpath = settings.TEMPLATES_DIR / "pages" / fname
            except Exception as e:
>               raise AssertionError(
                    '╙схфшЄхё№, ўЄю яхЁхьхээр  TEMPLATES_DIR т эрёЄЁющърї яЁюхъЄр '
                    ' ты хЄё  ёЄЁюъющ (str) шыш юс·хъЄюь, ёююЄтхЄёЄтє■∙шь path-like шэЄхЁЇхщёє '
                    '(эряЁшьхЁ, ¤ъчхьяы Ёюь pathlib.Path). '
                    f'╧Ёш юяхЁрЎшш ъюэърЄхэрЎшш settings.TEMPLATES_DIR / "pages", тючэшъыр ю°шсър: {e}'
                )
E               AssertionError: ╙схфшЄхё№, ўЄю яхЁхьхээр  TEMPLATES_DIR т эрёЄЁющърї яЁюхъЄр  ты хЄё  ёЄЁюъющ (str) шыш юс·хъЄюь, ёююЄтхЄёЄтє■∙шь path-like шэЄхЁЇхщёє (эряЁшьхЁ, ¤ъчхьяы Ёюь pathlib.Path). ╧Ёш юяхЁрЎшш ъюэърЄхэрЎшш settings.TEMPLATES_DIR / "pages", тючэшъыр ю°шсър: 'Settings' object has no attribute 'TEMPLATES_DIR'

tests\test_err_pages.py:57: AssertionError
__________________________ test_custom_err_handlers ___________________________

client = <django.test.client.Client object at 0x000001DC1B2D5310>

    @pytest.mark.django_db
    def test_custom_err_handlers(client):
        try:
            from blogicum import urls as blogicum_urls
        except Exception:
            raise AssertionError(
                "╙схфшЄхё№, т уюыютэюь Їрщых ё ьрЁ°ЁєЄрьш эхЄ ю°шсюъ."
            )
        urls_src_squashed = squash_code(inspect.getsource(blogicum_urls))
        if "django.contrib.auth.urls" not in urls_src_squashed:
            raise AssertionError(
                "╙схфшЄхё№, ўЄю яюфъы■ўхэ√ ьрЁ°ЁєЄ√ фы  ЁрсюЄ√ ё яюы№чютрЄхы ьш шч"
                " `django.contrib.auth.urls`."
            )
    
        def search_url_patterns(substring):
            resolver = get_resolver()
            results = []
    
            def search_patterns(head, patterns):
                for pattern in patterns:
                    if isinstance(pattern, URLPattern):
                        pattern_as_str = head + str(pattern.pattern)
                        if substring in pattern_as_str:
                            results.append(pattern)
                    elif isinstance(pattern, URLResolver):
                        search_patterns(
                            head + str(pattern.pattern), pattern.url_patterns
                        )
                return results
    
            search_patterns(head="", patterns=resolver.url_patterns)
    
            return results
    
        registration_url = "auth/registration/"
        auth_registration_patterns = search_url_patterns(registration_url)
>       assert auth_registration_patterns, (
            "╙схфшЄхё№, ўЄю т уюыютэюь Їрщых ё ьрЁ°ЁєЄрьш яхЁхюяЁхфхы╕э ьрЁ°ЁєЄ"
            f" `{registration_url}`."
        )
E       AssertionError: ╙схфшЄхё№, ўЄю т уюыютэюь Їрщых ё ьрЁ°ЁєЄрьш яхЁхюяЁхфхы╕э ьрЁ°ЁєЄ `auth/registration/`.
E       assert []

tests\test_users.py:62: AssertionError
________________________________ test_comment _________________________________

_comment_links = [<a class="btn btn-sm text-muted" href="/posts/2/edit_comment/2/" role="button">
        ╬ЄЁхфръЄшЁютрЄ№ ъюььхэЄрЁшщ
 ... class="btn btn-sm text-muted" href="/posts/2/delete_comment/2/" role="button">
        ╙фрышЄ№ ъюььхэЄрЁшщ
      </a>]

    def assert_comment_links_return_same_get_status(_comment_links):
        get_request_status_codes = []
        try:
            for comment_link in _comment_links:
                get_request_status_codes.append(
>                   user_client.get(comment_link.get("href")).status_code
                )

tests\form\comment\find_urls.py:72: 
_ _ _ _ _ _ _ _ _ _ _ _ _ _ _ _ _ _ _ _ _ _ _ _ _ _ _ _ _ _ _ _ _ _ _ _ _ _ _ _

self = <django.test.client.Client object at 0x000001DC1B399910>
path = '/posts/2/delete_comment/2/', data = None, follow = False, secure = False
extra = {}

    def get(self, path, data=None, follow=False, secure=False, **extra):
        """Request a response from the server using GET."""
        self.extra = extra
>       response = super().get(path, data=data, secure=secure, **extra)

.venv\Lib\site-packages\django\test\client.py:742: 
_ _ _ _ _ _ _ _ _ _ _ _ _ _ _ _ _ _ _ _ _ _ _ _ _ _ _ _ _ _ _ _ _ _ _ _ _ _ _ _

self = <django.test.client.Client object at 0x000001DC1B399910>
path = '/posts/2/delete_comment/2/', data = {}, secure = False, extra = {}

    def get(self, path, data=None, secure=False, **extra):
        """Construct a GET request."""
        data = {} if data is None else data
>       return self.generic('GET', path, secure=secure, **{
            'QUERY_STRING': urlencode(data, doseq=True),
            **extra,
        })

.venv\Lib\site-packages\django\test\client.py:396: 
_ _ _ _ _ _ _ _ _ _ _ _ _ _ _ _ _ _ _ _ _ _ _ _ _ _ _ _ _ _ _ _ _ _ _ _ _ _ _ _

self = <django.test.client.Client object at 0x000001DC1B399910>, method = 'GET'
path = '/posts/2/delete_comment/2/', data = b''
content_type = 'application/octet-stream', secure = False
extra = {'QUERY_STRING': ''}
parsed = ParseResult(scheme='', netloc='', path='/posts/2/delete_comment/2/', params='', query='', fragment='')
r = {'PATH_INFO': '/posts/2/delete_comment/2/', 'QUERY_STRING': '', 'REQUEST_METHOD': 'GET', 'SERVER_PORT': '80', ...}
query_string = ''

    def generic(self, method, path, data='',
                content_type='application/octet-stream', secure=False,
                **extra):
        """Construct an arbitrary HTTP request."""
        parsed = urlparse(str(path))  # path can be lazy
        data = force_bytes(data, settings.DEFAULT_CHARSET)
        r = {
            'PATH_INFO': self._get_path(parsed),
            'REQUEST_METHOD': method,
            'SERVER_PORT': '443' if secure else '80',
            'wsgi.url_scheme': 'https' if secure else 'http',
        }
        if data:
            r.update({
                'CONTENT_LENGTH': str(len(data)),
                'CONTENT_TYPE': content_type,
                'wsgi.input': FakePayload(data),
            })
        r.update(extra)
        # If QUERY_STRING is absent or empty, we want to extract it from the URL.
        if not r.get('QUERY_STRING'):
            # WSGI requires latin-1 encoded strings. See get_path_info().
            query_string = parsed[4].encode().decode('iso-8859-1')
            r['QUERY_STRING'] = query_string
>       return self.request(**r)

.venv\Lib\site-packages\django\test\client.py:473: 
_ _ _ _ _ _ _ _ _ _ _ _ _ _ _ _ _ _ _ _ _ _ _ _ _ _ _ _ _ _ _ _ _ _ _ _ _ _ _ _

self = <django.test.client.Client object at 0x000001DC1B399910>
request = {'PATH_INFO': '/posts/2/delete_comment/2/', 'QUERY_STRING': '', 'REQUEST_METHOD': 'GET', 'SERVER_PORT': '80', ...}
environ = {'CSRF_COOKIE': '8t3pxGTs5LoegB1MjO7ECnB8M2uge679Lrra0GY2DHhBGE45IGJifR2UcXWtFJgW', 'HTTP_COOKIE': 'csrftoken=8t3pxGTs...tFJgW; sessionid=0977ji4apdvu6w00lg7y7lu3nanpblit', 'PATH_INFO': '/posts/2/delete_comment/2/', 'QUERY_STRING': '', ...}
data = {'context': [[{'True': True, 'False': False, 'None': None}, {'csrf_token': <SimpleLazyObject: <function csrf.<locals>....mplate.base.Template object at 0x000001DC1B385150>, <django.template.base.Template object at 0x000001DC1B422450>, ...]}
on_template_render = functools.partial(<function store_rendered_templates at 0x000001DC1AB9CC20>, {'templates': [<django.template.base.Temp...          )'], 'context_line': '        raise NoReverseMatch(msg)', 'post_context': [], 'pre_context_lineno': 691}}]]})
signal_uid = 'template-render-2044858139520'
exception_uid = 'request-exception-2044858139520'
response = <HttpResponse status_code=500, "text/html; charset=utf-8">

    def request(self, **request):
        """
        The master request method. Compose the environment dictionary and pass
        to the handler, return the result of the handler. Assume defaults for
        the query environment, which can be overridden using the arguments to
        the request.
        """
        environ = self._base_environ(**request)
    
        # Curry a data dictionary into an instance of the template renderer
        # callback function.
        data = {}
        on_template_render = partial(store_rendered_templates, data)
        signal_uid = "template-render-%s" % id(request)
        signals.template_rendered.connect(on_template_render, dispatch_uid=signal_uid)
        # Capture exceptions created by the handler.
        exception_uid = "request-exception-%s" % id(request)
        got_request_exception.connect(self.store_exc_info, dispatch_uid=exception_uid)
        try:
            response = self.handler(environ)
        finally:
            signals.template_rendered.disconnect(dispatch_uid=signal_uid)
            got_request_exception.disconnect(dispatch_uid=exception_uid)
        # Check for signaled exceptions.
>       self.check_exception(response)

.venv\Lib\site-packages\django\test\client.py:719: 
_ _ _ _ _ _ _ _ _ _ _ _ _ _ _ _ _ _ _ _ _ _ _ _ _ _ _ _ _ _ _ _ _ _ _ _ _ _ _ _

self = <django.test.client.Client object at 0x000001DC1B399910>
response = <HttpResponse status_code=500, "text/html; charset=utf-8">

    def check_exception(self, response):
        """
        Look for a signaled exception, clear the current context exception
        data, re-raise the signaled exception, and clear the signaled exception
        from the local cache.
        """
        response.exc_info = self.exc_info
        if self.exc_info:
            _, exc_value, _ = self.exc_info
            self.exc_info = None
            if self.raise_request_exception:
>               raise exc_value

.venv\Lib\site-packages\django\test\client.py:580: 
_ _ _ _ _ _ _ _ _ _ _ _ _ _ _ _ _ _ _ _ _ _ _ _ _ _ _ _ _ _ _ _ _ _ _ _ _ _ _ _

request = <WSGIRequest: GET '/posts/2/delete_comment/2/'>

    @wraps(get_response)
    def inner(request):
        try:
>           response = get_response(request)

.venv\Lib\site-packages\django\core\handlers\exception.py:47: 
_ _ _ _ _ _ _ _ _ _ _ _ _ _ _ _ _ _ _ _ _ _ _ _ _ _ _ _ _ _ _ _ _ _ _ _ _ _ _ _

self = <django.test.client.ClientHandler object at 0x000001DC1B3997D0>
request = <WSGIRequest: GET '/posts/2/delete_comment/2/'>

    def _get_response(self, request):
        """
        Resolve and call the view, then apply view, exception, and
        template_response middleware. This method is everything that happens
        inside the request/response middleware.
        """
        response = None
        callback, callback_args, callback_kwargs = self.resolve_request(request)
    
        # Apply view middleware
        for middleware_method in self._view_middleware:
            response = middleware_method(request, callback, callback_args, callback_kwargs)
            if response:
                break
    
        if response is None:
            wrapped_callback = self.make_view_atomic(callback)
            # If it is an asynchronous view, run it in a subthread.
            if asyncio.iscoroutinefunction(wrapped_callback):
                wrapped_callback = async_to_sync(wrapped_callback)
            try:
>               response = wrapped_callback(request, *callback_args, **callback_kwargs)

.venv\Lib\site-packages\django\core\handlers\base.py:181: 
_ _ _ _ _ _ _ _ _ _ _ _ _ _ _ _ _ _ _ _ _ _ _ _ _ _ _ _ _ _ _ _ _ _ _ _ _ _ _ _

request = <WSGIRequest: GET '/posts/2/delete_comment/2/'>, args = ()
kwargs = {'comment_id': 2, 'post_id': 2}

    @wraps(view_func)
    def _wrapped_view(request, *args, **kwargs):
        if test_func(request.user):
>           return view_func(request, *args, **kwargs)

.venv\Lib\site-packages\django\contrib\auth\decorators.py:21: 
_ _ _ _ _ _ _ _ _ _ _ _ _ _ _ _ _ _ _ _ _ _ _ _ _ _ _ _ _ _ _ _ _ _ _ _ _ _ _ _

request = <WSGIRequest: GET '/posts/2/delete_comment/2/'>, post_id = 2
comment_id = 2

    @login_required
    def comment_delete(request, post_id, comment_id):
        """╙фрыхэшх ъюььхэЄрЁш ."""
        comment = get_object_or_404(Comment, id=comment_id, post_id=post_id)
        post = comment.post
    
        if comment.author != request.user:
            return redirect('blog:post_detail', id=post_id)
    
        if request.method == 'POST':
            comment.delete()
            return redirect('blog:post_detail', id=post_id)
    
        context = {'comment': comment}
>       return render(request, 'blog/detail.html', context)

blogicum\blog\views.py:221: 
_ _ _ _ _ _ _ _ _ _ _ _ _ _ _ _ _ _ _ _ _ _ _ _ _ _ _ _ _ _ _ _ _ _ _ _ _ _ _ _

request = <WSGIRequest: GET '/posts/2/delete_comment/2/'>
template_name = 'blog/detail.html'
context = {'comment': <Comment: Test create comment 1907086 te>}
content_type = None, status = None, using = None

    def render(request, template_name, context=None, content_type=None, status=None, using=None):
        """
        Return a HttpResponse whose content is filled with the result of calling
        django.template.loader.render_to_string() with the passed arguments.
        """
>       content = loader.render_to_string(template_name, context, request, using=using)

.venv\Lib\site-packages\django\shortcuts.py:19: 
_ _ _ _ _ _ _ _ _ _ _ _ _ _ _ _ _ _ _ _ _ _ _ _ _ _ _ _ _ _ _ _ _ _ _ _ _ _ _ _

template_name = 'blog/detail.html'
context = {'comment': <Comment: Test create comment 1907086 te>}
request = <WSGIRequest: GET '/posts/2/delete_comment/2/'>, using = None

    def render_to_string(template_name, context=None, request=None, using=None):
        """
        Load a template and render it with a context. Return a string.
    
        template_name may be a string or a list of strings.
        """
        if isinstance(template_name, (list, tuple)):
            template = select_template(template_name, using=using)
        else:
            template = get_template(template_name, using=using)
>       return template.render(context, request)

.venv\Lib\site-packages\django\template\loader.py:62: 
_ _ _ _ _ _ _ _ _ _ _ _ _ _ _ _ _ _ _ _ _ _ _ _ _ _ _ _ _ _ _ _ _ _ _ _ _ _ _ _

self = <django.template.backends.django.Template object at 0x000001DC1B0DEC50>
context = [{'True': True, 'False': False, 'None': None}, {}, {}, {'comment': <Comment: Test create comment 1907086 te>}]
request = <WSGIRequest: GET '/posts/2/delete_comment/2/'>

    def render(self, context=None, request=None):
        context = make_context(context, request, autoescape=self.backend.engine.autoescape)
        try:
>           return self.template.render(context)

.venv\Lib\site-packages\django\template\backends\django.py:61: 
_ _ _ _ _ _ _ _ _ _ _ _ _ _ _ _ _ _ _ _ _ _ _ _ _ _ _ _ _ _ _ _ _ _ _ _ _ _ _ _

self = <django.template.base.Template object at 0x000001DC1B463250>
context = [{'True': True, 'False': False, 'None': None}, {}, {}, {'comment': <Comment: Test create comment 1907086 te>}]

    def render(self, context):
        "Display stage -- can be called many times"
        with context.render_context.push_state(self):
            if context.template is None:
                with context.bind_template(self):
                    context.template_name = self.name
>                   return self._render(context)

.venv\Lib\site-packages\django\template\base.py:170: 
_ _ _ _ _ _ _ _ _ _ _ _ _ _ _ _ _ _ _ _ _ _ _ _ _ _ _ _ _ _ _ _ _ _ _ _ _ _ _ _

self = <django.template.base.Template object at 0x000001DC1B463250>
context = [{'True': True, 'False': False, 'None': None}, {}, {}, {'comment': <Comment: Test create comment 1907086 te>}]

    def instrumented_test_render(self, context):
        """
        An instrumented Template render method, providing a signal that can be
        intercepted by the test Client.
        """
        template_rendered.send(sender=self, template=self, context=context)
>       return self.nodelist.render(context)

.venv\Lib\site-packages\django\test\utils.py:100: 
_ _ _ _ _ _ _ _ _ _ _ _ _ _ _ _ _ _ _ _ _ _ _ _ _ _ _ _ _ _ _ _ _ _ _ _ _ _ _ _

self = [<ExtendsNode: extends "base.html">]
context = [{'True': True, 'False': False, 'None': None}, {}, {}, {'comment': <Comment: Test create comment 1907086 te>}]

    def render(self, context):
        bits = []
        for node in self:
            if isinstance(node, Node):
>               bit = node.render_annotated(context)

.venv\Lib\site-packages\django\template\base.py:938: 
_ _ _ _ _ _ _ _ _ _ _ _ _ _ _ _ _ _ _ _ _ _ _ _ _ _ _ _ _ _ _ _ _ _ _ _ _ _ _ _

self = <ExtendsNode: extends "base.html">
context = [{'True': True, 'False': False, 'None': None}, {}, {}, {'comment': <Comment: Test create comment 1907086 te>}]

    def render_annotated(self, context):
        """
        Render the node. If debug is True and an exception occurs during
        rendering, the exception is annotated with contextual line information
        where it occurred in the template. For internal usage this method is
        preferred over using the render method directly.
        """
        try:
>           return self.render(context)

.venv\Lib\site-packages\django\template\base.py:905: 
_ _ _ _ _ _ _ _ _ _ _ _ _ _ _ _ _ _ _ _ _ _ _ _ _ _ _ _ _ _ _ _ _ _ _ _ _ _ _ _

self = <ExtendsNode: extends "base.html">
context = [{'True': True, 'False': False, 'None': None}, {}, {}, {'comment': <Comment: Test create comment 1907086 te>}]

    def render(self, context):
        compiled_parent = self.get_parent(context)
    
        if BLOCK_CONTEXT_KEY not in context.render_context:
            context.render_context[BLOCK_CONTEXT_KEY] = BlockContext()
        block_context = context.render_context[BLOCK_CONTEXT_KEY]
    
        # Add the block nodes from this node to the block context
        block_context.add_blocks(self.blocks)
    
        # If this block's parent doesn't have an extends node it is the root,
        # and its block nodes also need to be added to the block context.
        for node in compiled_parent.nodelist:
            # The ExtendsNode has to be the first non-text node.
            if not isinstance(node, TextNode):
                if not isinstance(node, ExtendsNode):
                    blocks = {n.name: n for n in
                              compiled_parent.nodelist.get_nodes_by_type(BlockNode)}
                    block_context.add_blocks(blocks)
                break
    
        # Call Template._render explicitly so the parser context stays
        # the same.
        with context.render_context.push_state(compiled_parent, isolated_context=False):
>           return compiled_parent._render(context)

.venv\Lib\site-packages\django\template\loader_tags.py:150: 
_ _ _ _ _ _ _ _ _ _ _ _ _ _ _ _ _ _ _ _ _ _ _ _ _ _ _ _ _ _ _ _ _ _ _ _ _ _ _ _

self = <django.template.base.Template object at 0x000001DC1B385150>
context = [{'True': True, 'False': False, 'None': None}, {}, {}, {'comment': <Comment: Test create comment 1907086 te>}]

    def instrumented_test_render(self, context):
        """
        An instrumented Template render method, providing a signal that can be
        intercepted by the test Client.
        """
        template_rendered.send(sender=self, template=self, context=context)
>       return self.nodelist.render(context)

.venv\Lib\site-packages\django\test\utils.py:100: 
_ _ _ _ _ _ _ _ _ _ _ _ _ _ _ _ _ _ _ _ _ _ _ _ _ _ _ _ _ _ _ _ _ _ _ _ _ _ _ _

self = [<django.template.defaulttags.LoadNode object at 0x000001DC1B4213D0>, <TextNode: '\n'>, <django.template.defaulttags.L... </main>'>, <django.template.loader_tags.IncludeNode object at 0x000001DC1B421E10>, <TextNode: '\n  </body>\n</html>'>]
context = [{'True': True, 'False': False, 'None': None}, {}, {}, {'comment': <Comment: Test create comment 1907086 te>}]

    def render(self, context):
        bits = []
        for node in self:
            if isinstance(node, Node):
>               bit = node.render_annotated(context)

.venv\Lib\site-packages\django\template\base.py:938: 
_ _ _ _ _ _ _ _ _ _ _ _ _ _ _ _ _ _ _ _ _ _ _ _ _ _ _ _ _ _ _ _ _ _ _ _ _ _ _ _

self = <Block Node: content. Contents: []>
context = [{'True': True, 'False': False, 'None': None}, {}, {}, {'comment': <Comment: Test create comment 1907086 te>}]

    def render_annotated(self, context):
        """
        Render the node. If debug is True and an exception occurs during
        rendering, the exception is annotated with contextual line information
        where it occurred in the template. For internal usage this method is
        preferred over using the render method directly.
        """
        try:
>           return self.render(context)

.venv\Lib\site-packages\django\template\base.py:905: 
_ _ _ _ _ _ _ _ _ _ _ _ _ _ _ _ _ _ _ _ _ _ _ _ _ _ _ _ _ _ _ _ _ _ _ _ _ _ _ _

self = <Block Node: content. Contents: []>
context = [{'True': True, 'False': False, 'None': None}, {}, {}, {'comment': <Comment: Test create comment 1907086 te>}]

    def render(self, context):
        block_context = context.render_context.get(BLOCK_CONTEXT_KEY)
        with context.push():
            if block_context is None:
                context['block'] = self
                result = self.nodelist.render(context)
            else:
                push = block = block_context.pop(self.name)
                if block is None:
                    block = self
                # Create new block so we can store context without thread-safety issues.
                block = type(self)(block.name, block.nodelist)
                block.context = context
                context['block'] = block
>               result = block.nodelist.render(context)

.venv\Lib\site-packages\django\template\loader_tags.py:62: 
_ _ _ _ _ _ _ _ _ _ _ _ _ _ _ _ _ _ _ _ _ _ _ _ _ _ _ _ _ _ _ _ _ _ _ _ _ _ _ _

self = [<TextNode: '\n  <div class="col d-flex'>, <IfNode>, <TextNode: '\n        <h5 class="card-'>, <Variable Node: post.ti...'>, <django.template.loader_tags.IncludeNode object at 0x000001DC1B420CD0>, <TextNode: '\n      </div>\n    </div>\n'>]
context = [{'True': True, 'False': False, 'None': None}, {}, {}, {'comment': <Comment: Test create comment 1907086 te>}]

    def render(self, context):
        bits = []
        for node in self:
            if isinstance(node, Node):
>               bit = node.render_annotated(context)

.venv\Lib\site-packages\django\template\base.py:938: 
_ _ _ _ _ _ _ _ _ _ _ _ _ _ _ _ _ _ _ _ _ _ _ _ _ _ _ _ _ _ _ _ _ _ _ _ _ _ _ _

self = <django.template.defaulttags.URLNode object at 0x000001DC1B47BA50>
context = [{'True': True, 'False': False, 'None': None}, {}, {}, {'comment': <Comment: Test create comment 1907086 te>}]

    def render_annotated(self, context):
        """
        Render the node. If debug is True and an exception occurs during
        rendering, the exception is annotated with contextual line information
        where it occurred in the template. For internal usage this method is
        preferred over using the render method directly.
        """
        try:
>           return self.render(context)

.venv\Lib\site-packages\django\template\base.py:905: 
_ _ _ _ _ _ _ _ _ _ _ _ _ _ _ _ _ _ _ _ _ _ _ _ _ _ _ _ _ _ _ _ _ _ _ _ _ _ _ _

self = <django.template.defaulttags.URLNode object at 0x000001DC1B47BA50>
context = [{'True': True, 'False': False, 'None': None}, {}, {}, {'comment': <Comment: Test create comment 1907086 te>}]

    def render(self, context):
        from django.urls import NoReverseMatch, reverse
        args = [arg.resolve(context) for arg in self.args]
        kwargs = {k: v.resolve(context) for k, v in self.kwargs.items()}
        view_name = self.view_name.resolve(context)
        try:
            current_app = context.request.current_app
        except AttributeError:
            try:
                current_app = context.request.resolver_match.namespace
            except AttributeError:
                current_app = None
        # Try to look up the URL. If it fails, raise NoReverseMatch unless the
        # {% url ... as var %} construct is used, in which case return nothing.
        url = ''
        try:
>           url = reverse(view_name, args=args, kwargs=kwargs, current_app=current_app)

.venv\Lib\site-packages\django\template\defaulttags.py:449: 
_ _ _ _ _ _ _ _ _ _ _ _ _ _ _ _ _ _ _ _ _ _ _ _ _ _ _ _ _ _ _ _ _ _ _ _ _ _ _ _

viewname = 'blog:profile', urlconf = 'blogicum.urls', args = [''], kwargs = {}
current_app = 'blog'

    def reverse(viewname, urlconf=None, args=None, kwargs=None, current_app=None):
        if urlconf is None:
            urlconf = get_urlconf()
        resolver = get_resolver(urlconf)
        args = args or []
        kwargs = kwargs or {}
    
        prefix = get_script_prefix()
    
        if not isinstance(viewname, str):
            view = viewname
        else:
            *path, view = viewname.split(':')
    
            if current_app:
                current_path = current_app.split(':')
                current_path.reverse()
            else:
                current_path = None
    
            resolved_path = []
            ns_pattern = ''
            ns_converters = {}
            for ns in path:
                current_ns = current_path.pop() if current_path else None
                # Lookup the name to see if it could be an app identifier.
                try:
                    app_list = resolver.app_dict[ns]
                    # Yes! Path part matches an app in the current Resolver.
                    if current_ns and current_ns in app_list:
                        # If we are reversing for a particular app, use that
                        # namespace.
                        ns = current_ns
                    elif ns not in app_list:
                        # The name isn't shared by one of the instances (i.e.,
                        # the default) so pick the first instance as the default.
                        ns = app_list[0]
                except KeyError:
                    pass
    
                if ns != current_ns:
                    current_path = None
    
                try:
                    extra, resolver = resolver.namespace_dict[ns]
                    resolved_path.append(ns)
                    ns_pattern = ns_pattern + extra
                    ns_converters.update(resolver.pattern.converters)
                except KeyError as key:
                    if resolved_path:
                        raise NoReverseMatch(
                            "%s is not a registered namespace inside '%s'" %
                            (key, ':'.join(resolved_path))
                        )
                    else:
                        raise NoReverseMatch("%s is not a registered namespace" % key)
            if ns_pattern:
                resolver = get_ns_resolver(ns_pattern, resolver, tuple(ns_converters.items()))
    
>       return resolver._reverse_with_prefix(view, prefix, *args, **kwargs)

.venv\Lib\site-packages\django\urls\base.py:86: 
_ _ _ _ _ _ _ _ _ _ _ _ _ _ _ _ _ _ _ _ _ _ _ _ _ _ _ _ _ _ _ _ _ _ _ _ _ _ _ _

self = <URLResolver <module 'blog.urls' from 'D:\\Dev\\django_sprint4\\blogicum\\blog\\urls.py'> (blog:blog) ''>
lookup_view = 'profile', _prefix = '/', args = ('',), kwargs = {}
possibilities = [([('profile/%(username)s/', ['username'])], 'profile/(?P<username>[^/]+)/\\Z', {}, {'username': <django.urls.converters.StringConverter object at 0x000001DC1A5C6290>})]
possibility = [('profile/%(username)s/', ['username'])]
pattern = 'profile/(?P<username>[^/]+)/\\Z', defaults = {}
converters = {'username': <django.urls.converters.StringConverter object at 0x000001DC1A5C6290>}
result = 'profile/%(username)s/', params = ['username']
candidate_subs = {'username': ''}, text_candidate_subs = {'username': ''}
match = True

    def _reverse_with_prefix(self, lookup_view, _prefix, *args, **kwargs):
        if args and kwargs:
            raise ValueError("Don't mix *args and **kwargs in call to reverse()!")
    
        if not self._populated:
            self._populate()
    
        possibilities = self.reverse_dict.getlist(lookup_view)
    
        for possibility, pattern, defaults, converters in possibilities:
            for result, params in possibility:
                if args:
                    if len(args) != len(params):
                        continue
                    candidate_subs = dict(zip(params, args))
                else:
                    if set(kwargs).symmetric_difference(params).difference(defaults):
                        continue
                    if any(kwargs.get(k, v) != v for k, v in defaults.items()):
                        continue
                    candidate_subs = kwargs
                # Convert the candidate subs to text using Converter.to_url().
                text_candidate_subs = {}
                match = True
                for k, v in candidate_subs.items():
                    if k in converters:
                        try:
                            text_candidate_subs[k] = converters[k].to_url(v)
                        except ValueError:
                            match = False
                            break
                    else:
                        text_candidate_subs[k] = str(v)
                if not match:
                    continue
                # WSGI provides decoded URLs, without %xx escapes, and the URL
                # resolver operates on such URLs. First substitute arguments
                # without quoting to build a decoded URL and look for a match.
                # Then, if we have a match, redo the substitution with quoted
                # arguments in order to return a properly encoded URL.
                candidate_pat = _prefix.replace('%', '%%') + result
                if re.search('^%s%s' % (re.escape(_prefix), pattern), candidate_pat % text_candidate_subs):
                    # safe characters from `pchar` definition of RFC 3986
                    url = quote(candidate_pat % text_candidate_subs, safe=RFC3986_SUBDELIMS + '/~:@')
                    # Don't allow construction of scheme relative urls.
                    return escape_leading_slashes(url)
        # lookup_view can be URL name or callable, but callables are not
        # friendly in error messages.
        m = getattr(lookup_view, '__module__', None)
        n = getattr(lookup_view, '__name__', None)
        if m is not None and n is not None:
            lookup_view_s = "%s.%s" % (m, n)
        else:
            lookup_view_s = lookup_view
    
        patterns = [pattern for (_, pattern, _, _) in possibilities]
        if patterns:
            if args:
                arg_msg = "arguments '%s'" % (args,)
            elif kwargs:
                arg_msg = "keyword arguments '%s'" % kwargs
            else:
                arg_msg = "no arguments"
            msg = (
                "Reverse for '%s' with %s not found. %d pattern(s) tried: %s" %
                (lookup_view_s, arg_msg, len(patterns), patterns)
            )
        else:
            msg = (
                "Reverse for '%(view)s' not found. '%(view)s' is not "
                "a valid view function or pattern name." % {'view': lookup_view_s}
            )
>       raise NoReverseMatch(msg)
E       django.urls.exceptions.NoReverseMatch: Reverse for 'profile' with arguments '('',)' not found. 1 pattern(s) tried: ['profile/(?P<username>[^/]+)/\\Z']

.venv\Lib\site-packages\django\urls\resolvers.py:698: NoReverseMatch

During handling of the above exception, another exception occurred:

user_client = <django.test.client.Client object at 0x000001DC1B399910>
another_user_client = <django.test.client.Client object at 0x000001DC1B31E290>
unlogged_client = <django.test.client.Client object at 0x000001DC1B0BCC90>
post_with_published_location = <Post: Down Mother Beautiful Million Pattern Building>
another_user = <User: brianna38>
post_comment_context_form_item = KeyVal(key='form', val=<CommentForm bound=False, valid=False, fields=(text)>)
CommentModel = <class 'blog.models.Comment'>
CommentModelAdapter = <class 'adapters.comment.CommentModelAdapter.<locals>._CommentModelAdapter'>
profile_content_tester = <test_content.ProfilePostContentTester object at 0x000001DC1B48B050>

    @pytest.mark.django_db(transaction=True)
    def test_comment(
            user_client: django.test.Client,
            another_user_client: django.test.Client,
            unlogged_client: django.test.Client,
            post_with_published_location: Any,
            another_user: Model,
            post_comment_context_form_item: Tuple[str, BaseForm],
            CommentModel: Type[Model],
            CommentModelAdapter: CommentModelAdapterT,
            profile_content_tester: ProfilePostContentTester
    ):
        post_with_published_location.author = another_user
        post_with_published_location.save()
        _, ctx_form = post_comment_context_form_item
        a_post_get_response = get_a_post_get_response_safely(
            user_client, post_with_published_location.id
        )
    
        # create comments
        creation_tester = CreateCommentFormTester(
            a_post_get_response,
            CommentModel,
            user_client,
            another_user_client,
            unlogged_client,
            item_adapter=None,
            ModelAdapter=CommentModelAdapter,
        )
    
        Form: Type[BaseForm] = type(ctx_form)
        forms_to_create = create_comment_creation_forms(
            creation_tester, Form, CommentModel, CommentModelAdapter)
    
        response_on_created, created_items = creation_tester.test_create_several(
            forms_to_create[1:], qs=CommentModel.objects.all()
        )
        content = response_on_created.content.decode(encoding="utf8")
        creation_tester.test_creation_response(content, created_items)
    
        comment_count_repr = f"({len(created_items)})"
    
        index_content = user_client.get("/").content.decode("utf-8")
        if comment_count_repr not in index_content:
            raise AssertionError(
                "╙схфшЄхё№, ўЄю эр уыртэющ ёЄЁрэшЎх яюф яюёЄрьш юЄюсЁрцрхЄё "
                " ъюышўхёЄтю ъюььхэЄрЁшхт. ╫шёыю ъюььхэЄрЁшхт фюыцэю с√Є№ єърчрэю"
                " т ъЁєуы√ї ёъюсърї."
            )
    
        # check comment count on profile page
        comment_adapter = CommentModelAdapter(created_items[0])
        comment_post_adapter = PostModelAdapter(comment_adapter.post)
        author_profile_url = f'/profile/{comment_post_adapter.author.username}/'
        profile_content = (
            profile_content_tester.user_client_testget(
                url=author_profile_url).content.decode("utf-8"))
        if comment_count_repr not in profile_content:
            raise AssertionError(
                "╙схфшЄхё№, ўЄю эр ёЄЁрэшЎх яюы№чютрЄхы  яюф яюёЄрьш юЄюсЁрцрхЄё "
                " ъюышўхёЄтю ъюььхэЄрЁшхт. ╫шёыю ъюььхэЄрЁшхт фюыцэю с√Є№ єърчрэю"
                " т ъЁєуы√ї ёъюсърї."
            )
    
        created_item_adapters = [CommentModelAdapter(i) for i in created_items]
    
        # edit comments
        post_url = f"/posts/{post_with_published_location.id}/"
>       edit_url, del_url = find_edit_and_delete_urls(
            created_item_adapters,
            response_on_created,
            urls_start_with=KeyVal(
                key=post_url.replace(
                    f"/{post_with_published_location.id}/", "/<post_id>/"
                ),
                val=post_url,
            ),
            user_client=user_client,
        )

tests\test_comment.py:169: 
_ _ _ _ _ _ _ _ _ _ _ _ _ _ _ _ _ _ _ _ _ _ _ _ _ _ _ _ _ _ _ _ _ _ _ _ _ _ _ _
tests\form\comment\find_urls.py:87: in find_edit_and_delete_urls
    assert assert_comment_links_return_same_get_status(comment_links), (
_ _ _ _ _ _ _ _ _ _ _ _ _ _ _ _ _ _ _ _ _ _ _ _ _ _ _ _ _ _ _ _ _ _ _ _ _ _ _ _

_comment_links = [<a class="btn btn-sm text-muted" href="/posts/2/edit_comment/2/" role="button">
        ╬ЄЁхфръЄшЁютрЄ№ ъюььхэЄрЁшщ
 ... class="btn btn-sm text-muted" href="/posts/2/delete_comment/2/" role="button">
        ╙фрышЄ№ ъюььхэЄрЁшщ
      </a>]

    def assert_comment_links_return_same_get_status(_comment_links):
        get_request_status_codes = []
        try:
            for comment_link in _comment_links:
                get_request_status_codes.append(
                    user_client.get(comment_link.get("href")).status_code
                )
            return all(
                x == get_request_status_codes[0]
                for x in get_request_status_codes
            )
        except NoReverseMatch:
>           raise AssertionError(
                "╙схфшЄхё№, ўЄю т ъюэЄхъёЄ °рсыюэют ёЄЁрэшЎ єфрыхэш  "
                "ш ЁхфръЄшЁютрэш  ъюььхэЄрЁш  "
                "яхЁхфр╕Єё  юс·хъЄ ъюььхэЄрЁш ."
            )
E           AssertionError: ╙схфшЄхё№, ўЄю т ъюэЄхъёЄ °рсыюэют ёЄЁрэшЎ єфрыхэш  ш ЁхфръЄшЁютрэш  ъюььхэЄрЁш  яхЁхфр╕Єё  юс·хъЄ ъюььхэЄрЁш .

tests\form\comment\find_urls.py:79: AssertionError
__________________________________ test_post __________________________________

published_category = <Category: Ready Current Available Strong Political Marriage>
published_location = <Location: Mrs. Cassie Tran MD>
user_client = <django.test.client.Client object at 0x000001DC1B466810>
another_user_client = <django.test.client.Client object at 0x000001DC1B48B7D0>
unlogged_client = <django.test.client.Client object at 0x000001DC1B31EED0>
comment_to_a_post = <Comment: Sure artist site them should.
>
create_post_context_form_item = KeyVal(key='form', val=<PostForm bound=False, valid=False, fields=(title;text;pub_date;location;category;is_published;image)>)
PostModel = <class 'blog.models.Post'>
CommentModelAdapter = <class 'adapters.comment.CommentModelAdapter.<locals>._CommentModelAdapter'>
main_content_tester = <test_content.MainPostContentTester object at 0x000001DC1B4E2210>

    @pytest.mark.django_db(transaction=True)
    def test_post(
            published_category: Model,
            published_location: Model,
            user_client: django.test.Client,
            another_user_client: django.test.Client,
            unlogged_client: django.test.Client,
            comment_to_a_post: Model,
            create_post_context_form_item: Tuple[str, BaseForm],
            PostModel: Type[Model],
            CommentModelAdapter: CommentModelAdapterT,
            main_content_tester: MainPostContentTester
    ):
        _, ctx_form = create_post_context_form_item
    
        create_a_post_get_response = get_create_a_post_get_response_safely(
            user_client
        )
    
        response_on_created, created_items = _test_create_items(
            PostModel,
            PostModelAdapter,
            another_user_client,
            create_a_post_get_response,
            ctx_form,
            published_category,
            published_location,
            unlogged_client,
            user_client,
        )
    
        # checking images are visible on post creation
        created_content = response_on_created.content.decode('utf-8')
        img_count = created_content.count('<img')
        expected_img_count = main_content_tester.n_or_page_size(len(created_items))
        assert img_count >= expected_img_count, (
            '╙схфшЄхё№, ўЄю яЁш ёючфрэшш яєсышърЎшш юэр юЄюсЁрцрхЄё  ё ърЁЄшэъющ.'
        )
    
>       edit_response, edit_url, del_url = _test_edit_post(
            CommentModelAdapter,
            another_user_client,
            comment_to_a_post,
            unlogged_client=unlogged_client,
            user_client=user_client,
        )

tests\test_post.py:111: 
_ _ _ _ _ _ _ _ _ _ _ _ _ _ _ _ _ _ _ _ _ _ _ _ _ _ _ _ _ _ _ _ _ _ _ _ _ _ _ _
tests\test_post.py:360: in _test_edit_post
    edit_response = _test_edit(
tests\test_edit.py:58: in _test_edit
    return tester.test_edit_item(
tests\form\post\edit_form_tester.py:126: in test_edit_item
    return super().test_edit_item(updated_form, qs, item_adapter)
tests\form\base_form_tester.py:383: in test_edit_item
    can_edit, _ = self.user_can_edit(
tests\form\base_form_tester.py:427: in user_can_edit
    response = submitter.test_submit(
tests\form\base_form_tester.py:450: in test_submit
    self._test_response_cbk(response)
_ _ _ _ _ _ _ _ _ _ _ _ _ _ _ _ _ _ _ _ _ _ _ _ _ _ _ _ _ _ _ _ _ _ _ _ _ _ _ _

response = <HttpResponse status_code=404, "text/html; charset=utf-8">
err_msg = '╙схфшЄхё№, ўЄю яЁш юЄяЁртъх ЇюЁь√ ЁхфръЄшЁютрэш  яюёЄр эхрєЄхэЄшЇшЎшЁютрээ√ь яюы№чютрЄхыхь юэ яхЁхэряЁрты хЄё  эр ёЄЁрэшЎє рєЄхэЄшЇшърЎшш.'
assert_status_in = (<HTTPStatus.OK: 200>,), assert_status_not_in = ()
assert_redirect = 'ёЄЁрэшЎє рєЄхэЄшЇшърЎшш'

    @staticmethod
    def test_response_cbk(
        response: HttpResponse,
        err_msg: str,
        assert_status_in: Sequence[int] = tuple(),
        assert_status_not_in: Sequence[int] = tuple(),
        assert_redirect: Optional[Union[TitledUrlRepr, bool]] = None,
    ):
        if assert_status_in and response.status_code not in assert_status_in:
>           raise AssertionError(err_msg)
E           AssertionError: ╙схфшЄхё№, ўЄю яЁш юЄяЁртъх ЇюЁь√ ЁхфръЄшЁютрэш  яюёЄр эхрєЄхэЄшЇшЎшЁютрээ√ь яюы№чютрЄхыхь юэ яхЁхэряЁрты хЄё  эр ёЄЁрэшЎє рєЄхэЄшЇшърЎшш.

tests\form\base_form_tester.py:462: AssertionError
================== 4 failed, 21 passed, 2 warnings in 3.42s ===================
